// Jest Snapshot v1, https://goo.gl/fbAQLP

exports[`MainInfoHeader component should natch snapshot 1`] = `
<div
  className="main-info-container undefined"
  style={Object {}}
>
  <div />
</div>
`;
