// Jest Snapshot v1, https://goo.gl/fbAQLP

exports[`Transaction screen component should natch snapshot 1`] = `null`;
